ALLOW IP 192.168.1.1
BLOCK IP 192.168.1.2
DENY IP 10.0.0.5
ALLOW IP 192.168.1.1
BLOCK IP 10.0.0.5